expo doctor error:
Running "expo doctor"
Running 17 checks on your project...
14/17 checks passed. 3 checks failed. Possible issues detected:
Use the --verbose flag to see more details about passed checks.
✖ Check for app config fields that may not be synced in a non-CNG project
This project contains native project folders but also has native configuration properties in app.json, indicating it is configured to use Prebuild. When the android/ios folders are present, EAS Build will not sync the following properties: orientation, icon, scheme, userInterfaceStyle, splash, ios, android, plugins, androidStatusBar. 
Advice:
Add '/android' to your .easignore file if you intend to use CNG / Prebuild. Learn more: https://docs.expo.dev/workflow/prebuild/#usage-with-eas-build
If you intend to not use CNG, add '/android/.gradle' to your .easignore to avoid committing Gradle caches
✖ Validate packages against React Native Directory package metadata
The following issues were found when validating your dependencies against React Native Directory:
  Untested on New Architecture: react-native-webrtc
  No metadata available: expo-random
Advice:
Use libraries that are actively maintained and support the New Architecture. Find alternative libraries with https://reactnative.directory.
Add packages to expo.doctor.reactNativeDirectoryCheck.exclude in package.json to selectively skip validations, if the warning is not relevant.
Update React Native Directory to include metadata for unknown packages. Alternatively, set expo.doctor.reactNativeDirectoryCheck.listUnknownPackages in package.json to false to skip warnings about packages with no metadata, if the warning is not relevant.
✖ Check that packages match versions required by installed Expo SDK
🔧 Patch version mismatches
package                  expected  found    
@expo/metro-runtime      ~6.1.2    6.1.1    
@expo/vector-icons       ^15.0.3   15.0.2   
expo                     ~54.0.30  54.0.3   
expo-auth-session        ~7.0.10   7.0.8    
expo-av                  ~16.0.8   16.0.7   
expo-blur                ~15.0.8   15.0.7   
expo-build-properties    ~1.0.10   1.0.8    
expo-constants           ~18.0.12  18.0.10  
expo-crypto              ~15.0.8   15.0.7   
expo-dev-client          ~6.0.20   6.0.18   
expo-device              ~8.0.10   8.0.9    
expo-font                ~14.0.10  14.0.8   
expo-haptics             ~15.0.8   15.0.7   
expo-image               ~3.0.11   3.0.8    
expo-image-picker        ~17.0.10  17.0.8   
expo-linear-gradient     ~15.0.8   15.0.7   
expo-linking             ~8.0.11   8.0.8    
expo-location            ~19.0.8   19.0.7   
expo-notifications       ~0.32.15  0.32.12  
expo-router              ~6.0.21   6.0.2    
expo-splash-screen       ~31.0.13  31.0.9   
expo-status-bar          ~3.0.9    3.0.8    
expo-symbols             ~1.0.8    1.0.7    
expo-system-ui           ~6.0.9    6.0.7    
expo-web-browser         ~15.0.10  15.0.7   
react-native             0.81.5    0.81.4   
react-native-reanimated  ~4.1.1    4.1.0    
Changelogs:
- expo-auth-session → https://github.com/expo/expo/blob/sdk-54/packages/expo-auth-session/CHANGELOG.md
- expo-av → https://github.com/expo/expo/blob/sdk-54/packages/expo-av/CHANGELOG.md
- expo-blur → https://github.com/expo/expo/blob/sdk-54/packages/expo-blur/CHANGELOG.md
- expo-build-properties → https://github.com/expo/expo/blob/sdk-54/packages/expo-build-properties/CHANGELOG.md
- expo-constants → https://github.com/expo/expo/blob/sdk-54/packages/expo-constants/CHANGELOG.md
- expo-crypto → https://github.com/expo/expo/blob/sdk-54/packages/expo-crypto/CHANGELOG.md
- expo-dev-client → https://github.com/expo/expo/blob/sdk-54/packages/expo-dev-client/CHANGELOG.md
- expo-device → https://github.com/expo/expo/blob/sdk-54/packages/expo-device/CHANGELOG.md
- expo-font → https://github.com/expo/expo/blob/sdk-54/packages/expo-font/CHANGELOG.md
- expo-haptics → https://github.com/expo/expo/blob/sdk-54/packages/expo-haptics/CHANGELOG.md
- expo-image → https://github.com/expo/expo/blob/sdk-54/packages/expo-image/CHANGELOG.md
- expo-image-picker → https://github.com/expo/expo/blob/sdk-54/packages/expo-image-picker/CHANGELOG.md
- expo-linear-gradient → https://github.com/expo/expo/blob/sdk-54/packages/expo-linear-gradient/CHANGELOG.md
- expo-linking → https://github.com/expo/expo/blob/sdk-54/packages/expo-linking/CHANGELOG.md
- expo-location → https://github.com/expo/expo/blob/sdk-54/packages/expo-location/CHANGELOG.md
- expo-notifications → https://github.com/expo/expo/blob/sdk-54/packages/expo-notifications/CHANGELOG.md
- expo-router → https://github.com/expo/expo/blob/sdk-54/packages/expo-router/CHANGELOG.md
- expo-splash-screen → https://github.com/expo/expo/blob/sdk-54/packages/expo-splash-screen/CHANGELOG.md
- expo-status-bar → https://github.com/expo/expo/blob/sdk-54/packages/expo-status-bar/CHANGELOG.md
- expo-symbols → https://github.com/expo/expo/blob/sdk-54/packages/expo-symbols/CHANGELOG.md
- expo-system-ui → https://github.com/expo/expo/blob/sdk-54/packages/expo-system-ui/CHANGELOG.md
- expo-web-browser → https://github.com/expo/expo/blob/sdk-54/packages/expo-web-browser/CHANGELOG.md
27 packages out of date.
Advice:
Use 'npx expo install --check' to review and upgrade your dependencies.
To ignore specific packages, add them to "expo.install.exclude" in package.json. Learn more: https://expo.fyi/dependency-validation
3 checks failed, indicating possible issues with the project.
Command "expo doctor" failed.
npx -y expo-doctor exited with non-zero code: 1

Gradle Error:

Running 'gradlew :app:bundleRelease' in /home/expo/workingdir/build/android
Downloading https://services.gradle.org/distributions/gradle-8.13-bin.zip
10%.
20%.
30%.
40%.
50%.
60%.
70%.
80%
90%.
100%
Welcome to Gradle 8.13!
Here are the highlights of this release:
 - Daemon JVM auto-provisioning
- Enhancements for Scala plugin and JUnit testing
- Improvements for build authors and plugin developers
For more details see https://docs.gradle.org/8.13/release-notes.html
To honour the JVM settings for this build a single-use Daemon process will be forked. For more on this, please refer to https://docs.gradle.org/8.13/userguide/gradle_daemon.html#sec:disabling_the_daemon in the Gradle documentation.
Daemon will be stopped at the end of the build
> Configure project :expo-gradle-plugin:expo-autolinking-plugin
w: file:///home/expo/workingdir/build/node_modules/expo-modules-autolinking/android/expo-gradle-plugin/expo-autolinking-plugin/build.gradle.kts:25:3: 'kotlinOptions(KotlinJvmOptionsDeprecated /* = KotlinJvmOptions */.() -> Unit): Unit' is deprecated. Please migrate to the compilerOptions DSL. More details are here: https://kotl.in/u1r8ln
> Configure project :expo-gradle-plugin:expo-autolinking-settings-plugin
w: file:///home/expo/workingdir/build/node_modules/expo-modules-autolinking/android/expo-gradle-plugin/expo-autolinking-settings-plugin/build.gradle.kts:30:3: 'kotlinOptions(KotlinJvmOptionsDeprecated /* = KotlinJvmOptions */.() -> Unit): Unit' is deprecated. Please migrate to the compilerOptions DSL. More details are here: https://kotl.in/u1r8ln
> Task :expo-gradle-plugin:expo-autolinking-settings-plugin:checkKotlinGradlePluginConfigurationErrors SKIPPED
> Task :gradle-plugin:settings-plugin:checkKotlinGradlePluginConfigurationErrors SKIPPED
> Task :expo-gradle-plugin:expo-autolinking-plugin-shared:checkKotlinGradlePluginConfigurationErrors SKIPPED
> Task :gradle-plugin:shared:checkKotlinGradlePluginConfigurationErrors SKIPPED
> Task :expo-gradle-plugin:expo-autolinking-settings-plugin:pluginDescriptors
> Task :gradle-plugin:settings-plugin:pluginDescriptors
> Task :expo-gradle-plugin:expo-autolinking-settings-plugin:processResources
> Task :gradle-plugin:settings-plugin:processResources
> Task :gradle-plugin:shared:processResources NO-SOURCE
> Task :expo-gradle-plugin:expo-autolinking-plugin-shared:processResources NO-SOURCE
> Task :gradle-plugin:shared:compileKotlin
> Task :gradle-plugin:shared:compileJava NO-SOURCE
> Task :gradle-plugin:shared:classes UP-TO-DATE
> Task :gradle-plugin:shared:jar
> Task :expo-gradle-plugin:expo-autolinking-plugin-shared:compileKotlin
> Task :expo-gradle-plugin:expo-autolinking-plugin-shared:compileJava NO-SOURCE
> Task :expo-gradle-plugin:expo-autolinking-plugin-shared:classes UP-TO-DATE
> Task :expo-gradle-plugin:expo-autolinking-plugin-shared:jar
> Task :gradle-plugin:settings-plugin:compileKotlin
> Task :gradle-plugin:settings-plugin:compileJava NO-SOURCE
> Task :gradle-plugin:settings-plugin:classes
> Task :gradle-plugin:settings-plugin:jar
> Task :expo-gradle-plugin:expo-autolinking-settings-plugin:compileKotlin
> Task :expo-gradle-plugin:expo-autolinking-settings-plugin:compileJava NO-SOURCE
> Task :expo-gradle-plugin:expo-autolinking-settings-plugin:classes
> Task :expo-gradle-plugin:expo-autolinking-settings-plugin:jar
> Configure project :expo-dev-launcher-gradle-plugin
w: file:///home/expo/workingdir/build/node_modules/expo-dev-launcher/expo-dev-launcher-gradle-plugin/build.gradle.kts:25:3: 'kotlinOptions(KotlinJvmOptionsDeprecated /* = KotlinJvmOptions */.() -> Unit): Unit' is deprecated. Please migrate to the compilerOptions DSL. More details are here: https://kotl.in/u1r8ln
> Configure project :expo-module-gradle-plugin
w: file:///home/expo/workingdir/build/node_modules/expo-modules-core/expo-module-gradle-plugin/build.gradle.kts:58:3: 'kotlinOptions(KotlinJvmOptionsDeprecated /* = KotlinJvmOptions */.() -> Unit): Unit' is deprecated. Please migrate to the compilerOptions DSL. More details are here: https://kotl.in/u1r8ln
> Task :expo-gradle-plugin:expo-autolinking-plugin:checkKotlinGradlePluginConfigurationErrors SKIPPED
> Task :gradle-plugin:react-native-gradle-plugin:checkKotlinGradlePluginConfigurationErrors SKIPPED
> Task :expo-module-gradle-plugin:checkKotlinGradlePluginConfigurationErrors SKIPPED
> Task :expo-dev-launcher-gradle-plugin:checkKotlinGradlePluginConfigurationErrors SKIPPED
> Task :expo-dev-launcher-gradle-plugin:pluginDescriptors
> Task :expo-module-gradle-plugin:pluginDescriptors
> Task :expo-dev-launcher-gradle-plugin:processResources
> Task :expo-module-gradle-plugin:processResources
> Task :expo-gradle-plugin:expo-autolinking-plugin:pluginDescriptors
> Task :expo-gradle-plugin:expo-autolinking-plugin:processResources
> Task :gradle-plugin:react-native-gradle-plugin:pluginDescriptors
> Task :gradle-plugin:react-native-gradle-plugin:processResources
> Task :expo-gradle-plugin:expo-autolinking-plugin:compileKotlin
> Task :expo-gradle-plugin:expo-autolinking-plugin:compileJava NO-SOURCE
> Task :expo-gradle-plugin:expo-autolinking-plugin:classes
> Task :expo-gradle-plugin:expo-autolinking-plugin:jar
> Task :gradle-plugin:react-native-gradle-plugin:compileKotlin
> Task :gradle-plugin:react-native-gradle-plugin:compileJava NO-SOURCE
> Task :gradle-plugin:react-native-gradle-plugin:classes
> Task :gradle-plugin:react-native-gradle-plugin:jar
> Task :expo-dev-launcher-gradle-plugin:compileKotlin
> Task :expo-dev-launcher-gradle-plugin:compileJava NO-SOURCE
> Task :expo-dev-launcher-gradle-plugin:classes
> Task :expo-dev-launcher-gradle-plugin:jar
> Task :expo-module-gradle-plugin:compileKotlin
w: file:///home/expo/workingdir/build/node_modules/expo-modules-core/expo-module-gradle-plugin/src/main/kotlin/expo/modules/plugin/android/AndroidLibraryExtension.kt:9:24 'var targetSdk: Int?' is deprecated. Will be removed from library DSL in v9.0. Use testOptions.targetSdk or/and lint.targetSdk instead.
> Task :expo-module-gradle-plugin:compileJava NO-SOURCE
> Task :expo-module-gradle-plugin:classes
> Task :expo-module-gradle-plugin:jar
> Configure project :
[ExpoRootProject] Using the following versions:
  - buildTools:  35.0.0
  - minSdk:      24
  - compileSdk:  35
  - targetSdk:   34
  - ndk:         27.1.12297006
  - kotlin:      2.1.20
  - ksp:         2.1.20-2.0.1
> Configure project :app
 ℹ️  Applying gradle plugin 'expo-dev-launcher-gradle-plugin'
> Configure project :expo
Using expo modules
  - expo-constants (18.0.10)
  - expo-dev-client (6.0.18)
  - expo-dev-launcher (6.0.18)
- expo-dev-menu (7.0.17)
- expo-dev-menu-interface (2.0.0)
- expo-json-utils (0.15.0)
- expo-manifests (1.0.9)
- expo-modules-core (3.0.15)
- expo-random (14.0.1)
- expo-updates-interface (2.0.0)
- [📦] expo-application (7.0.7)
- [📦] expo-asset (12.0.8)
  - [📦] expo-av (16.0.7)
  - [📦] expo-blur (15.0.7)
  - [📦] expo-crypto (15.0.7)
  - [📦] expo-device (8.0.9)
  - [📦] expo-file-system (19.0.13)
  - [📦] expo-font (14.0.8)
  - [📦] expo-haptics (15.0.7)
  - [📦] expo-image (3.0.8)
  - [📦] expo-image-loader (6.0.0)
- [📦] expo-image-picker (17.0.8)
  - [📦] expo-keep-awake (15.0.7)
  - [📦] expo-linear-gradient (15.0.7)
  - [📦] expo-linking (8.0.8)
- [📦] expo-location (19.0.7)
  - [📦] expo-notifications (0.32.12)
  - [📦] expo-splash-screen (31.0.9)
  - [📦] expo-system-ui (6.0.7)
  - [📦] expo-web-browser (15.0.7)
> Configure project :react-native-firebase_app
:react-native-firebase_app package.json found at /home/expo/workingdir/build/node_modules/@react-native-firebase/app/package.json
:react-native-firebase_app:firebase.bom using default value: 34.2.0
:react-native-firebase_app:play.play-services-auth using default value: 21.4.0
:react-native-firebase_app package.json found at /home/expo/workingdir/build/node_modules/@react-native-firebase/app/package.json
:react-native-firebase_app:version set from package.json: 23.3.1 (23,3,1 - 23003001)
:react-native-firebase_app:android.compileSdk using custom value: 35
:react-native-firebase_app:android.targetSdk using custom value: 34
:react-native-firebase_app:android.minSdk using custom value: 24
:react-native-firebase_app:reactNativeAndroidDir /home/expo/workingdir/build/node_modules/react-native
> Configure project :react-native-firebase_auth
:react-native-firebase_auth package.json found at /home/expo/workingdir/build/node_modules/@react-native-firebase/auth/package.json
:react-native-firebase_app package.json found at /home/expo/workingdir/build/node_modules/@react-native-firebase/app/package.json
:react-native-firebase_auth:firebase.bom using default value: 34.2.0
:react-native-firebase_auth package.json found at /home/expo/workingdir/build/node_modules/@react-native-firebase/auth/package.json
:react-native-firebase_auth:version set from package.json: 23.3.1 (23,3,1 - 23003001)
:react-native-firebase_auth:android.compileSdk using custom value: 35
:react-native-firebase_auth:android.targetSdk using custom value: 34
:react-native-firebase_auth:android.minSdk using custom value: 24
:react-native-firebase_auth:reactNativeAndroidDir /home/expo/workingdir/build/node_modules/react-native
> Configure project :react-native-firebase_firestore
:react-native-firebase_firestore package.json found at /home/expo/workingdir/build/node_modules/@react-native-firebase/firestore/package.json
:react-native-firebase_app package.json found at /home/expo/workingdir/build/node_modules/@react-native-firebase/app/package.json
:react-native-firebase_firestore:firebase.bom using default value: 34.2.0
:react-native-firebase_firestore package.json found at /home/expo/workingdir/build/node_modules/@react-native-firebase/firestore/package.json
:react-native-firebase_firestore:version set from package.json: 23.3.1 (23,3,1 - 23003001)
:react-native-firebase_firestore:android.compileSdk using custom value: 35
:react-native-firebase_firestore:android.targetSdk using custom value: 34
:react-native-firebase_firestore:android.minSdk using custom value: 24
:react-native-firebase_firestore:reactNativeAndroidDir /home/expo/workingdir/build/node_modules/react-native
> Configure project :react-native-firebase_storage
:react-native-firebase_storage package.json found at /home/expo/workingdir/build/node_modules/@react-native-firebase/storage/package.json
:react-native-firebase_app package.json found at /home/expo/workingdir/build/node_modules/@react-native-firebase/app/package.json
:react-native-firebase_storage:firebase.bom using default value: 34.2.0
:react-native-firebase_storage package.json found at /home/expo/workingdir/build/node_modules/@react-native-firebase/storage/package.json
:react-native-firebase_storage:version set from package.json: 23.3.1 (23,3,1 - 23003001)
:react-native-firebase_storage:android.compileSdk using custom value: 35
:react-native-firebase_storage:android.targetSdk using custom value: 34
:react-native-firebase_storage:android.minSdk using custom value: 24
:react-native-firebase_storage:reactNativeAndroidDir /home/expo/workingdir/build/node_modules/react-native
> Task :expo-dev-client:preBuild UP-TO-DATE
> Task :expo-dev-launcher:preBuild UP-TO-DATE
> Task :expo-dev-menu:preBuild UP-TO-DATE
> Task :expo-dev-menu-interface:preBuild UP-TO-DATE
> Task :expo-json-utils:preBuild UP-TO-DATE
> Task :expo-manifests:preBuild UP-TO-DATE
> Task :expo-modules-core:preBuild UP-TO-DATE
> Task :expo-random:preBuild UP-TO-DATE
> Task :expo-updates-interface:preBuild UP-TO-DATE
> Task :react-native-async-storage_async-storage:generateCodegenSchemaFromJavaScript
> Task :expo-constants:createExpoConfig
> Task :expo-constants:preBuild
> Task :react-native-firebase_app:preBuild UP-TO-DATE
> Task :react-native-firebase_auth:preBuild UP-TO-DATE
> Task :react-native-firebase_firestore:preBuild UP-TO-DATE
> Task :react-native-firebase_storage:preBuild UP-TO-DATE
The NODE_ENV environment variable is required but was not specified. Ensure the project is bundled with Expo CLI or NODE_ENV is set. Using only .env.local and .env
> Task :react-native-async-storage_async-storage:generateCodegenArtifactsFromSchema
> Task :react-native-async-storage_async-storage:preBuild
> Task :react-native-reanimated:assertMinimalReactNativeVersionTask
> Task :react-native-reanimated:assertNewArchitectureEnabledTask SKIPPED
> Task :react-native-reanimated:assertWorkletsVersionTask
> Task :react-native-gesture-handler:generateCodegenSchemaFromJavaScript
> Task :expo:generatePackagesList
> Task :expo:preBuild
> Task :react-native-reanimated:generateCodegenSchemaFromJavaScript
> Task :react-native-gesture-handler:generateCodegenArtifactsFromSchema
> Task :react-native-gesture-handler:preBuild
> Task :react-native-safe-area-context:generateCodegenSchemaFromJavaScript
> Task :react-native-reanimated:generateCodegenArtifactsFromSchema
> Task :react-native-reanimated:prepareReanimatedHeadersForPrefabs
> Task :react-native-reanimated:preBuild
> Task :react-native-screens:generateCodegenSchemaFromJavaScript
> Task :react-native-safe-area-context:generateCodegenArtifactsFromSchema
> Task :react-native-safe-area-context:preBuild
> Task :react-native-webrtc:preBuild UP-TO-DATE
> Task :react-native-screens:generateCodegenArtifactsFromSchema
> Task :react-native-screens:preBuild
> Task :react-native-worklets:assertMinimalReactNativeVersionTask
> Task :react-native-worklets:assertNewArchitectureEnabledTask SKIPPED
> Task :react-native-svg:generateCodegenSchemaFromJavaScript
> Task :react-native-webview:generateCodegenSchemaFromJavaScript
> Task :react-native-worklets:generateCodegenSchemaFromJavaScript
> Task :react-native-svg:generateCodegenArtifactsFromSchema
> Task :react-native-svg:preBuild
> Task :expo:preReleaseBuild
> Task :expo:generateReleaseResValues
> Task :react-native-webview:generateCodegenArtifactsFromSchema
> Task :react-native-webview:preBuild
> Task :expo-constants:preReleaseBuild
> Task :expo:generateReleaseResources
> Task :react-native-worklets:generateCodegenArtifactsFromSchema
> Task :expo-constants:generateReleaseResValues
> Task :expo-constants:generateReleaseResources
> Task :app:createBundleReleaseJsAndAssets
Starting Metro Bundler
> Task :react-native-worklets:prepareWorkletsHeadersForPrefabs
> Task :react-native-worklets:preBuild
> Task :expo-dev-client:preReleaseBuild UP-TO-DATE
> Task :expo-dev-client:generateReleaseResValues
> Task :expo-dev-client:generateReleaseResources
> Task :expo:packageReleaseResources
> Task :expo-dev-client:packageReleaseResources
> Task :expo-dev-launcher:preReleaseBuild UP-TO-DATE
> Task :expo-dev-menu:preReleaseBuild UP-TO-DATE
> Task :expo-constants:packageReleaseResources
> Task :expo-dev-menu-interface:preReleaseBuild UP-TO-DATE
> Task :expo-dev-menu:generateReleaseResValues
> Task :expo-dev-menu-interface:generateReleaseResValues
> Task :expo-dev-launcher:generateReleaseResValues
> Task :expo-dev-launcher:generateReleaseResources
> Task :expo-dev-menu-interface:generateReleaseResources
> Task :expo-dev-menu-interface:packageReleaseResources
> Task :expo-json-utils:preReleaseBuild UP-TO-DATE
> Task :expo-json-utils:generateReleaseResValues
> Task :expo-dev-menu:generateReleaseResources
> Task :expo-json-utils:generateReleaseResources
> Task :expo-json-utils:packageReleaseResources
> Task :expo-manifests:preReleaseBuild UP-TO-DATE
> Task :expo-manifests:generateReleaseResValues
> Task :expo-manifests:generateReleaseResources
> Task :expo-dev-launcher:packageReleaseResources
> Task :expo-manifests:packageReleaseResources
> Task :expo-random:preReleaseBuild UP-TO-DATE
> Task :expo-modules-core:preReleaseBuild UP-TO-DATE
> Task :expo-random:generateReleaseResValues
> Task :expo-modules-core:generateReleaseResValues
> Task :expo-dev-menu:packageReleaseResources
> Task :expo-modules-core:generateReleaseResources
> Task :expo-updates-interface:preReleaseBuild UP-TO-DATE
> Task :expo-random:generateReleaseResources
> Task :expo-updates-interface:generateReleaseResValues
> Task :expo-modules-core:packageReleaseResources
> Task :expo-updates-interface:generateReleaseResources
> Task :react-native-async-storage_async-storage:preReleaseBuild
> Task :react-native-async-storage_async-storage:generateReleaseResValues
> Task :expo-random:packageReleaseResources
> Task :react-native-firebase_app:preReleaseBuild UP-TO-DATE
> Task :react-native-firebase_app:generateReleaseResValues
> Task :react-native-async-storage_async-storage:generateReleaseResources
> Task :react-native-firebase_app:generateReleaseResources
> Task :expo-updates-interface:packageReleaseResources
> Task :react-native-async-storage_async-storage:packageReleaseResources
> Task :react-native-firebase_auth:preReleaseBuild UP-TO-DATE
> Task :react-native-firebase_firestore:preReleaseBuild UP-TO-DATE
> Task :react-native-firebase_auth:generateReleaseResValues
> Task :react-native-firebase_firestore:generateReleaseResValues
> Task :react-native-firebase_app:packageReleaseResources
> Task :react-native-firebase_storage:preReleaseBuild UP-TO-DATE
> Task :react-native-firebase_auth:generateReleaseResources
> Task :react-native-firebase_storage:generateReleaseResValues
> Task :react-native-firebase_firestore:generateReleaseResources
> Task :react-native-firebase_storage:generateReleaseResources
> Task :react-native-firebase_firestore:packageReleaseResources
> Task :react-native-gesture-handler:preReleaseBuild
> Task :react-native-firebase_auth:packageReleaseResources
> Task :react-native-reanimated:preReleaseBuild
> Task :react-native-gesture-handler:generateReleaseResValues
> Task :react-native-reanimated:generateReleaseResValues
> Task :react-native-gesture-handler:generateReleaseResources
> Task :react-native-reanimated:generateReleaseResources
> Task :react-native-gesture-handler:packageReleaseResources
> Task :react-native-safe-area-context:preReleaseBuild
> Task :react-native-firebase_storage:packageReleaseResources
> Task :react-native-screens:preReleaseBuild
> Task :react-native-screens:generateReleaseResValues
> Task :react-native-safe-area-context:generateReleaseResValues
> Task :react-native-safe-area-context:generateReleaseResources
> Task :react-native-reanimated:packageReleaseResources
> Task :react-native-svg:preReleaseBuild
> Task :react-native-svg:generateReleaseResValues
> Task :react-native-screens:generateReleaseResources
> Task :react-native-svg:generateReleaseResources
> Task :react-native-safe-area-context:packageReleaseResources
> Task :react-native-webrtc:preReleaseBuild UP-TO-DATE
> Task :react-native-webrtc:generateReleaseResValues
> Task :react-native-webrtc:generateReleaseResources
> Task :react-native-svg:packageReleaseResources
> Task :react-native-webview:preReleaseBuild
> Task :react-native-webview:generateReleaseResValues
> Task :react-native-webview:generateReleaseResources
> Task :react-native-webrtc:packageReleaseResources
> Task :react-native-worklets:preReleaseBuild
> Task :react-native-screens:packageReleaseResources
> Task :react-native-webview:packageReleaseResources
> Task :react-native-worklets:generateReleaseResValues
> Task :expo:extractDeepLinksRelease
> Task :expo-constants:extractDeepLinksRelease
> Task :react-native-worklets:generateReleaseResources
> Task :react-native-worklets:packageReleaseResources
> Task :expo-dev-client:extractDeepLinksRelease
> Task :expo-dev-client:processReleaseManifest
> Task :expo-constants:processReleaseManifest
> Task :expo:processReleaseManifest
> Task :expo-dev-menu-interface:extractDeepLinksRelease
> Task :expo-dev-launcher:extractDeepLinksRelease
> Task :expo-dev-menu:extractDeepLinksRelease
> Task :expo-dev-launcher:processReleaseManifest
> Task :expo-dev-menu-interface:processReleaseManifest
> Task :expo-json-utils:extractDeepLinksRelease
> Task :expo-manifests:extractDeepLinksRelease
> Task :expo-dev-menu:processReleaseManifest
> Task :expo-modules-core:extractDeepLinksRelease
> Task :expo-json-utils:processReleaseManifest
> Task :expo-manifests:processReleaseManifest
> Task :expo-random:extractDeepLinksRelease
> Task :expo-updates-interface:extractDeepLinksRelease
> Task :expo-random:processReleaseManifest
> Task :expo-modules-core:processReleaseManifest
/home/expo/workingdir/build/node_modules/expo-modules-core/android/src/main/AndroidManifest.xml:8:9-11:45 Warning:
	meta-data#com.facebook.soloader.enabled@android:value was tagged at AndroidManifest.xml:8 to replace other declarations but no other declaration present
> Task :expo-updates-interface:processReleaseManifest
> Task :react-native-async-storage_async-storage:extractDeepLinksRelease
> Task :react-native-firebase_app:extractDeepLinksRelease
> Task :react-native-firebase_auth:extractDeepLinksRelease
> Task :react-native-async-storage_async-storage:processReleaseManifest
package="com.reactnativecommunity.asyncstorage" found in source AndroidManifest.xml: /home/expo/workingdir/build/node_modules/@react-native-async-storage/async-storage/android/src/main/AndroidManifest.xml.
Setting the namespace via the package attribute in the source AndroidManifest.xml is no longer supported, and the value is ignored.
Recommendation: remove package="com.reactnativecommunity.asyncstorage" from the source AndroidManifest.xml: /home/expo/workingdir/build/node_modules/@react-native-async-storage/async-storage/android/src/main/AndroidManifest.xml.
> Task :react-native-firebase_auth:processReleaseManifest
package="io.invertase.firebase.auth" found in source AndroidManifest.xml: /home/expo/workingdir/build/node_modules/@react-native-firebase/auth/android/src/main/AndroidManifest.xml.
Setting the namespace via the package attribute in the source AndroidManifest.xml is no longer supported, and the value is ignored.
Recommendation: remove package="io.invertase.firebase.auth" from the source AndroidManifest.xml: /home/expo/workingdir/build/node_modules/@react-native-firebase/auth/android/src/main/AndroidManifest.xml.
> Task :react-native-firebase_firestore:extractDeepLinksRelease
> Task :react-native-firebase_storage:extractDeepLinksRelease
> Task :react-native-firebase_app:processReleaseManifest
package="io.invertase.firebase" found in source AndroidManifest.xml: /home/expo/workingdir/build/node_modules/@react-native-firebase/app/android/src/main/AndroidManifest.xml.
Setting the namespace via the package attribute in the source AndroidManifest.xml is no longer supported, and the value is ignored.
Recommendation: remove package="io.invertase.firebase" from the source AndroidManifest.xml: /home/expo/workingdir/build/node_modules/@react-native-firebase/app/android/src/main/AndroidManifest.xml.
> Task :react-native-firebase_firestore:processReleaseManifest
package="io.invertase.firebase.firestore" found in source AndroidManifest.xml: /home/expo/workingdir/build/node_modules/@react-native-firebase/firestore/android/src/main/AndroidManifest.xml.
Setting the namespace via the package attribute in the source AndroidManifest.xml is no longer supported, and the value is ignored.
Recommendation: remove package="io.invertase.firebase.firestore" from the source AndroidManifest.xml: /home/expo/workingdir/build/node_modules/@react-native-firebase/firestore/android/src/main/AndroidManifest.xml.
> Task :react-native-gesture-handler:extractDeepLinksRelease
> Task :react-native-reanimated:extractDeepLinksRelease
> Task :react-native-firebase_storage:processReleaseManifest
package="io.invertase.firebase.storage" found in source AndroidManifest.xml: /home/expo/workingdir/build/node_modules/@react-native-firebase/storage/android/src/main/AndroidManifest.xml.
Setting the namespace via the package attribute in the source AndroidManifest.xml is no longer supported, and the value is ignored.
Recommendation: remove package="io.invertase.firebase.storage" from the source AndroidManifest.xml: /home/expo/workingdir/build/node_modules/@react-native-firebase/storage/android/src/main/AndroidManifest.xml.
> Task :react-native-reanimated:processReleaseManifest
> Task :react-native-screens:extractDeepLinksRelease
> Task :react-native-safe-area-context:extractDeepLinksRelease
> Task :react-native-gesture-handler:processReleaseManifest
> Task :react-native-svg:extractDeepLinksRelease
> Task :react-native-screens:processReleaseManifest
> Task :react-native-safe-area-context:processReleaseManifest
package="com.th3rdwave.safeareacontext" found in source AndroidManifest.xml: /home/expo/workingdir/build/node_modules/react-native-safe-area-context/android/src/main/AndroidManifest.xml.
Setting the namespace via the package attribute in the source AndroidManifest.xml is no longer supported, and the value is ignored.
Recommendation: remove package="com.th3rdwave.safeareacontext" from the source AndroidManifest.xml: /home/expo/workingdir/build/node_modules/react-native-safe-area-context/android/src/main/AndroidManifest.xml.
> Task :react-native-webrtc:extractDeepLinksRelease
> Task :react-native-webview:extractDeepLinksRelease
> Task :react-native-svg:processReleaseManifest
> Task :react-native-worklets:extractDeepLinksRelease
> Task :react-native-worklets:processReleaseManifest
> Task :react-native-webview:processReleaseManifest
> Task :react-native-webrtc:processReleaseManifest
package="com.oney.WebRTCModule" found in source AndroidManifest.xml: /home/expo/workingdir/build/node_modules/react-native-webrtc/android/src/main/AndroidManifest.xml.
Setting the namespace via the package attribute in the source AndroidManifest.xml is no longer supported, and the value is ignored.
Recommendation: remove package="com.oney.WebRTCModule" from the source AndroidManifest.xml: /home/expo/workingdir/build/node_modules/react-native-webrtc/android/src/main/AndroidManifest.xml.
> Task :expo-constants:writeReleaseAarMetadata
> Task :expo-dev-client:writeReleaseAarMetadata
> Task :expo:writeReleaseAarMetadata
> Task :expo-dev-launcher:writeReleaseAarMetadata
> Task :expo-dev-menu:writeReleaseAarMetadata
> Task :expo-dev-menu-interface:writeReleaseAarMetadata
> Task :expo-json-utils:writeReleaseAarMetadata
> Task :expo-manifests:writeReleaseAarMetadata
> Task :expo-random:writeReleaseAarMetadata
> Task :expo-modules-core:writeReleaseAarMetadata
> Task :expo-updates-interface:writeReleaseAarMetadata
> Task :react-native-async-storage_async-storage:writeReleaseAarMetadata
> Task :react-native-firebase_app:writeReleaseAarMetadata
> Task :react-native-firebase_auth:writeReleaseAarMetadata
> Task :react-native-firebase_firestore:writeReleaseAarMetadata
> Task :react-native-reanimated:writeReleaseAarMetadata
> Task :react-native-gesture-handler:writeReleaseAarMetadata
> Task :react-native-firebase_storage:writeReleaseAarMetadata
> Task :react-native-safe-area-context:writeReleaseAarMetadata
> Task :react-native-screens:writeReleaseAarMetadata
> Task :react-native-svg:writeReleaseAarMetadata
> Task :react-native-webview:writeReleaseAarMetadata
> Task :react-native-webrtc:writeReleaseAarMetadata
> Task :react-native-worklets:writeReleaseAarMetadata
> Task :expo:compileReleaseLibraryResources
> Task :expo-constants:compileReleaseLibraryResources
> Task :expo-dev-client:compileReleaseLibraryResources
> Task :expo-dev-client:parseReleaseLocalResources
> Task :expo:parseReleaseLocalResources
> Task :expo-constants:parseReleaseLocalResources
> Task :expo-dev-client:generateReleaseRFile
> Task :expo:generateReleaseRFile
> Task :expo-constants:generateReleaseRFile
> Task :expo-dev-menu-interface:compileReleaseLibraryResources
> Task :expo-dev-launcher:parseReleaseLocalResources
> Task :expo-dev-launcher:compileReleaseLibraryResources
> Task :expo-dev-menu:compileReleaseLibraryResources
> Task :expo-dev-launcher:generateReleaseRFile
> Task :expo-dev-menu:parseReleaseLocalResources
> Task :expo-json-utils:compileReleaseLibraryResources
> Task :expo-dev-menu-interface:parseReleaseLocalResources
> Task :expo-dev-menu:generateReleaseRFile
> Task :expo-json-utils:parseReleaseLocalResources
> Task :expo-manifests:compileReleaseLibraryResources
> Task :expo-dev-menu-interface:generateReleaseRFile
> Task :expo-manifests:parseReleaseLocalResources
> Task :expo-json-utils:generateReleaseRFile
> Task :expo-modules-core:compileReleaseLibraryResources
> Task :expo-manifests:generateReleaseRFile
> Task :expo-modules-core:parseReleaseLocalResources
> Task :expo-random:compileReleaseLibraryResources
> Task :expo-updates-interface:compileReleaseLibraryResources
> Task :expo-modules-core:generateReleaseRFile
> Task :expo-random:parseReleaseLocalResources
> Task :expo-updates-interface:parseReleaseLocalResources
> Task :react-native-async-storage_async-storage:compileReleaseLibraryResources
> Task :react-native-async-storage_async-storage:parseReleaseLocalResources
> Task :expo-updates-interface:generateReleaseRFile
> Task :expo-random:generateReleaseRFile
> Task :react-native-firebase_auth:compileReleaseLibraryResources
> Task :react-native-firebase_app:compileReleaseLibraryResources
> Task :react-native-async-storage_async-storage:generateReleaseRFile
> Task :react-native-firebase_auth:parseReleaseLocalResources
> Task :react-native-firebase_firestore:compileReleaseLibraryResources
> Task :react-native-firebase_app:parseReleaseLocalResources
> Task :react-native-firebase_auth:generateReleaseRFile
> Task :react-native-firebase_firestore:parseReleaseLocalResources
> Task :react-native-firebase_storage:compileReleaseLibraryResources
> Task :react-native-firebase_app:generateReleaseRFile
> Task :react-native-firebase_storage:parseReleaseLocalResources
> Task :react-native-firebase_firestore:generateReleaseRFile
> Task :react-native-gesture-handler:compileReleaseLibraryResources
> Task :react-native-gesture-handler:parseReleaseLocalResources
> Task :react-native-reanimated:compileReleaseLibraryResources
> Task :react-native-firebase_storage:generateReleaseRFile
> Task :react-native-gesture-handler:generateReleaseRFile
> Task :react-native-safe-area-context:compileReleaseLibraryResources
> Task :react-native-reanimated:parseReleaseLocalResources
> Task :react-native-reanimated:generateReleaseRFile
> Task :react-native-safe-area-context:parseReleaseLocalResources
> Task :react-native-screens:parseReleaseLocalResources
> Task :react-native-screens:compileReleaseLibraryResources
> Task :react-native-safe-area-context:generateReleaseRFile
> Task :react-native-webrtc:compileReleaseLibraryResources
> Task :react-native-svg:compileReleaseLibraryResources
> Task :react-native-screens:generateReleaseRFile
> Task :react-native-svg:parseReleaseLocalResources
> Task :react-native-webview:compileReleaseLibraryResources
> Task :react-native-webrtc:parseReleaseLocalResources
> Task :react-native-svg:generateReleaseRFile
> Task :react-native-webview:parseReleaseLocalResources
> Task :react-native-worklets:compileReleaseLibraryResources
> Task :react-native-webrtc:generateReleaseRFile
> Task :react-native-gesture-handler:checkKotlinGradlePluginConfigurationErrors SKIPPED
> Task :react-native-worklets:parseReleaseLocalResources
> Task :react-native-webview:generateReleaseRFile
> Task :react-native-reanimated:generateReleaseBuildConfig
> Task :react-native-gesture-handler:generateReleaseBuildConfig
> Task :react-native-worklets:generateReleaseRFile
> Task :react-native-svg:generateReleaseBuildConfig
> Task :react-native-worklets:generateReleaseBuildConfig
> Task :react-native-worklets:javaPreCompileRelease
> Task :react-native-svg:javaPreCompileRelease
> Task :react-native-reanimated:javaPreCompileRelease
> Task :react-native-gesture-handler:javaPreCompileRelease
> Task :react-native-safe-area-context:checkKotlinGradlePluginConfigurationErrors SKIPPED
> Task :react-native-safe-area-context:generateReleaseBuildConfig
> Task :app:createBundleReleaseJsAndAssets
 WARN  Attempted to import the module "/home/expo/workingdir/build/node_modules/event-target-shim/index" which is not listed in the "exports" of "/home/expo/workingdir/build/node_modules/event-target-shim" under the requested subpath "./index". Falling back to file-based resolution. Consider updating the call site or asking the package maintainer(s) to expose this API.
Android node_modules/expo-router/entry.js ▓▓▓▓▓▓▓▓░░░░░░░░ 50.6% ( 806/1133)
Android Bundled 2643ms node_modules/expo-router/entry.js (1841 modules)
Writing bundle output to: /home/expo/workingdir/build/android/app/build/generated/assets/createBundleReleaseJsAndAssets/index.android.bundle
Writing sourcemap output to: /home/expo/workingdir/build/android/app/build/intermediates/sourcemaps/react/release/index.android.bundle.packager.map
Copying 108 asset files
Done writing bundle output
Done writing sourcemap output
> Task :react-native-safe-area-context:compileReleaseKotlin
w: file:///home/expo/workingdir/build/node_modules/react-native-safe-area-context/android/src/main/java/com/th3rdwave/safeareacontext/SafeAreaView.kt:59:23 'val uiImplementation: UIImplementation!' is deprecated. Deprecated in Java.
> Task :react-native-safe-area-context:javaPreCompileRelease
> Task :react-native-svg:compileReleaseJavaWithJavac
Note: Some input files use or override a deprecated API.
Note: Recompile with -Xlint:deprecation for details.
Note: Some input files use unchecked or unsafe operations.
Note: Recompile with -Xlint:unchecked for details.
> Task :react-native-worklets:compileReleaseJavaWithJavac
Note: /home/expo/workingdir/build/node_modules/react-native-worklets/android/src/main/java/com/swmansion/worklets/WorkletsPackage.java uses unchecked or unsafe operations.
Note: Recompile with -Xlint:unchecked for details.
> Task :react-native-worklets:bundleLibCompileToJarRelease
> Task :react-native-svg:bundleLibCompileToJarRelease
> Task :react-native-screens:checkKotlinGradlePluginConfigurationErrors SKIPPED
> Task :react-native-screens:generateReleaseBuildConfig
> Task :react-native-safe-area-context:compileReleaseJavaWithJavac
> Task :react-native-safe-area-context:bundleLibRuntimeToDirRelease
> Task :react-native-reanimated:compileReleaseJavaWithJavac
> Task :react-native-reanimated:bundleLibCompileToJarRelease
Note: Some input files use or override a deprecated API.
Note: Recompile with -Xlint:deprecation for details.
Note: Some input files use unchecked or unsafe operations.
Note: Recompile with -Xlint:unchecked for details.
> Task :react-native-screens:javaPreCompileRelease
> Task :react-native-webview:checkKotlinGradlePluginConfigurationErrors SKIPPED
> Task :react-native-webview:generateReleaseBuildConfig
> Task :react-native-webview:compileReleaseKotlin
w: file:///home/expo/workingdir/build/node_modules/react-native-webview/android/src/main/java/com/reactnativecommunity/webview/RNCWebViewManagerImpl.kt:22:8 'object MapBuilder : Any' is deprecated. Use Kotlin's built-in collections extensions.
w: file:///home/expo/workingdir/build/node_modules/react-native-webview/android/src/main/java/com/reactnativecommunity/webview/RNCWebViewManagerImpl.kt:82:18 'var allowFileAccessFromFileURLs: Boolean' is deprecated. Deprecated in Java.
w: file:///home/expo/workingdir/build/node_modules/react-native-webview/android/src/main/java/com/reactnativecommunity/webview/RNCWebViewManagerImpl.kt:83:18 'var allowUniversalAccessFromFileURLs: Boolean' is deprecated. Deprecated in Java.
w: file:///home/expo/workingdir/build/node_modules/react-native-webview/android/src/main/java/com/reactnativecommunity/webview/RNCWebViewManagerImpl.kt:125:21 'fun allowScanningByMediaScanner(): Unit' is deprecated. Deprecated in Java.
w: file:///home/expo/workingdir/build/node_modules/react-native-webview/android/src/main/java/com/reactnativecommunity/webview/RNCWebViewManagerImpl.kt:162:36 'var systemUiVisibility: Int' is deprecated. Deprecated in Java.
w: file:///home/expo/workingdir/build/node_modules/react-native-webview/android/src/main/java/com/reactnativecommunity/webview/RNCWebViewManagerImpl.kt:301:14 'object MapBuilder : Any' is deprecated. Use Kotlin's built-in collections extensions.
w: file:///home/expo/workingdir/build/node_modules/react-native-webview/android/src/main/java/com/reactnativecommunity/webview/RNCWebViewManagerImpl.kt:351:34 Condition is always 'true'.
w: file:///home/expo/workingdir/build/node_modules/react-native-webview/android/src/main/java/com/reactnativecommunity/webview/RNCWebViewManagerImpl.kt:370:38 'var allowUniversalAccessFromFileURLs: Boolean' is deprecated. Deprecated in Java.
w: file:///home/expo/workingdir/build/node_modules/react-native-webview/android/src/main/java/com/reactnativecommunity/webview/RNCWebViewManagerImpl.kt:431:51 Unchecked cast of 'Any?' to 'HashMap<String, String>'.
w: file:///home/expo/workingdir/build/node_modules/react-native-webview/android/src/main/java/com/reactnativecommunity/webview/RNCWebViewManagerImpl.kt:487:23 'var savePassword: Boolean' is deprecated. Deprecated in Java.
w: file:///home/expo/workingdir/build/node_modules/react-native-webview/android/src/main/java/com/reactnativecommunity/webview/RNCWebViewManagerImpl.kt:488:23 'var saveFormData: Boolean' is deprecated. Deprecated in Java.
w: file:///home/expo/workingdir/build/node_modules/react-native-webview/android/src/main/java/com/reactnativecommunity/webview/RNCWebViewManagerImpl.kt:558:23 'var allowFileAccessFromFileURLs: Boolean' is deprecated. Deprecated in Java.
w: file:///home/expo/workingdir/build/node_modules/react-native-webview/android/src/main/java/com/reactnativecommunity/webview/RNCWebViewManagerImpl.kt:603:52 'static field FORCE_DARK_ON: Int' is deprecated. Deprecated in Java.
w: file:///home/expo/workingdir/build/node_modules/react-native-webview/android/src/main/java/com/reactnativecommunity/webview/RNCWebViewManagerImpl.kt:603:89 'static field FORCE_DARK_OFF: Int' is deprecated. Deprecated in Java.
w: file:///home/expo/workingdir/build/node_modules/react-native-webview/android/src/main/java/com/reactnativecommunity/webview/RNCWebViewManagerImpl.kt:604:35 'static fun setForceDark(p0: @NonNull() WebSettings, p1: Int): Unit' is deprecated. Deprecated in Java.
w: file:///home/expo/workingdir/build/node_modules/react-native-webview/android/src/main/java/com/reactnativecommunity/webview/RNCWebViewManagerImpl.kt:613:35 'static fun setForceDarkStrategy(p0: @NonNull() WebSettings, p1: Int): Unit' is deprecated. Deprecated in Java.
w: file:///home/expo/workingdir/build/node_modules/react-native-webview/android/src/main/java/com/reactnativecommunity/webview/RNCWebViewManagerImpl.kt:615:39 'static field DARK_STRATEGY_PREFER_WEB_THEME_OVER_USER_AGENT_DARKENING: Int' is deprecated. Deprecated in Java.
w: file:///home/expo/workingdir/build/node_modules/react-native-webview/android/src/main/java/com/reactnativecommunity/webview/RNCWebViewManagerImpl.kt:659:65 Unchecked cast of 'ArrayList<Any?>' to 'List<Map<String, String>>'.
w: file:///home/expo/workingdir/build/node_modules/react-native-webview/android/src/main/java/com/reactnativecommunity/webview/RNCWebViewManagerImpl.kt:680:23 'var saveFormData: Boolean' is deprecated. Deprecated in Java.
w: file:///home/expo/workingdir/build/node_modules/react-native-webview/android/src/main/java/com/reactnativecommunity/webview/events/TopCustomMenuSelectionEvent.kt:5:8 'interface RCTEventEmitter : JavaScriptModule' is deprecated. Use [RCTModernEventEmitter] instead.
w: file:///home/expo/workingdir/build/node_modules/react-native-webview/android/src/main/java/com/reactnativecommunity/webview/events/TopCustomMenuSelectionEvent.kt:11:3 'constructor<T : Event<T>>(viewTag: Int): Event<T>' is deprecated. Use constructor with explicit surfaceId instead.
w: file:///home/expo/workingdir/build/node_modules/react-native-webview/android/src/main/java/com/reactnativecommunity/webview/events/TopCustomMenuSelectionEvent.kt:22:16 This declaration overrides a deprecated member but is not marked as deprecated itself. Add the '@Deprecated' annotation or suppress the diagnostic.
w: file:///home/expo/workingdir/build/node_modules/react-native-webview/android/src/main/java/com/reactnativecommunity/webview/events/TopCustomMenuSelectionEvent.kt:22:42 'interface RCTEventEmitter : JavaScriptModule' is deprecated. Use [RCTModernEventEmitter] instead.
w: file:///home/expo/workingdir/build/node_modules/react-native-webview/android/src/main/java/com/reactnativecommunity/webview/events/TopCustomMenuSelectionEvent.kt:23:21 'fun receiveEvent(targetTag: Int, eventName: String, params: WritableMap?): Unit' is deprecated. Use [RCTModernEventEmitter.receiveEvent] instead.
w: file:///home/expo/workingdir/build/node_modules/react-native-webview/android/src/main/java/com/reactnativecommunity/webview/events/TopHttpErrorEvent.kt:5:8 'interface RCTEventEmitter : JavaScriptModule' is deprecated. Use [RCTModernEventEmitter] instead.
w: file:///home/expo/workingdir/build/node_modules/react-native-webview/android/src/main/java/com/reactnativecommunity/webview/events/TopHttpErrorEvent.kt:11:3 'constructor<T : Event<T>>(viewTag: Int): Event<T>' is deprecated. Use constructor with explicit surfaceId instead.
w: file:///home/expo/workingdir/build/node_modules/react-native-webview/android/src/main/java/com/reactnativecommunity/webview/events/TopHttpErrorEvent.kt:22:16 This declaration overrides a deprecated member but is not marked as deprecated itself. Add the '@Deprecated' annotation or suppress the diagnostic.
w: file:///home/expo/workingdir/build/node_modules/react-native-webview/android/src/main/java/com/reactnativecommunity/webview/events/TopHttpErrorEvent.kt:22:42 'interface RCTEventEmitter : JavaScriptModule' is deprecated. Use [RCTModernEventEmitter] instead.
w: file:///home/expo/workingdir/build/node_modules/react-native-webview/android/src/main/java/com/reactnativecommunity/webview/events/TopHttpErrorEvent.kt:23:21 'fun receiveEvent(targetTag: Int, eventName: String, params: WritableMap?): Unit' is deprecated. Use [RCTModernEventEmitter.receiveEvent] instead.
w: file:///home/expo/workingdir/build/node_modules/react-native-webview/android/src/main/java/com/reactnativecommunity/webview/events/TopLoadingErrorEvent.kt:5:8 'interface RCTEventEmitter : JavaScriptModule' is deprecated. Use [RCTModernEventEmitter] instead.
w: file:///home/expo/workingdir/build/node_modules/react-native-webview/android/src/main/java/com/reactnativecommunity/webview/events/TopLoadingErrorEvent.kt:11:3 'constructor<T : Event<T>>(viewTag: Int): Event<T>' is deprecated. Use constructor with explicit surfaceId instead.
w: file:///home/expo/workingdir/build/node_modules/react-native-webview/android/src/main/java/com/reactnativecommunity/webview/events/TopLoadingErrorEvent.kt:22:16 This declaration overrides a deprecated member but is not marked as deprecated itself. Add the '@Deprecated' annotation or suppress the diagnostic.
w: file:///home/expo/workingdir/build/node_modules/react-native-webview/android/src/main/java/com/reactnativecommunity/webview/events/TopLoadingErrorEvent.kt:22:42 'interface RCTEventEmitter : JavaScriptModule' is deprecated. Use [RCTModernEventEmitter] instead.
w: file:///home/expo/workingdir/build/node_modules/react-native-webview/android/src/main/java/com/reactnativecommunity/webview/events/TopLoadingErrorEvent.kt:23:21 'fun receiveEvent(targetTag: Int, eventName: String, params: WritableMap?): Unit' is deprecated. Use [RCTModernEventEmitter.receiveEvent] instead.
w: file:///home/expo/workingdir/build/node_modules/react-native-webview/android/src/main/java/com/reactnativecommunity/webview/events/TopLoadingFinishEvent.kt:5:8 'interface RCTEventEmitter : JavaScriptModule' is deprecated. Use [RCTModernEventEmitter] instead.
w: file:///home/expo/workingdir/build/node_modules/react-native-webview/android/src/main/java/com/reactnativecommunity/webview/events/TopLoadingFinishEvent.kt:11:3 'constructor<T : Event<T>>(viewTag: Int): Event<T>' is deprecated. Use constructor with explicit surfaceId instead.
w: file:///home/expo/workingdir/build/node_modules/react-native-webview/android/src/main/java/com/reactnativecommunity/webview/events/TopLoadingFinishEvent.kt:22:16 This declaration overrides a deprecated member but is not marked as deprecated itself. Add the '@Deprecated' annotation or suppress the diagnostic.
w: file:///home/expo/workingdir/build/node_modules/react-native-webview/android/src/main/java/com/reactnativecommunity/webview/events/TopLoadingFinishEvent.kt:22:42 'interface RCTEventEmitter : JavaScriptModule' is deprecated. Use [RCTModernEventEmitter] instead.
w: file:///home/expo/workingdir/build/node_modules/react-native-webview/android/src/main/java/com/reactnativecommunity/webview/events/TopLoadingFinishEvent.kt:23:21 'fun receiveEvent(targetTag: Int, eventName: String, params: WritableMap?): Unit' is deprecated. Use [RCTModernEventEmitter.receiveEvent] instead.
w: file:///home/expo/workingdir/build/node_modules/react-native-webview/android/src/main/java/com/reactnativecommunity/webview/events/TopLoadingProgressEvent.kt:5:8 'interface RCTEventEmitter : JavaScriptModule' is deprecated. Use [RCTModernEventEmitter] instead.
w: file:///home/expo/workingdir/build/node_modules/react-native-webview/android/src/main/java/com/reactnativecommunity/webview/events/TopLoadingProgressEvent.kt:11:3 'constructor<T : Event<T>>(viewTag: Int): Event<T>' is deprecated. Use constructor with explicit surfaceId instead.
w: file:///home/expo/workingdir/build/node_modules/react-native-webview/android/src/main/java/com/reactnativecommunity/webview/events/TopLoadingProgressEvent.kt:22:16 This declaration overrides a deprecated member but is not marked as deprecated itself. Add the '@Deprecated' annotation or suppress the diagnostic.
w: file:///home/expo/workingdir/build/node_modules/react-native-webview/android/src/main/java/com/reactnativecommunity/webview/events/TopLoadingProgressEvent.kt:22:42 'interface RCTEventEmitter : JavaScriptModule' is deprecated. Use [RCTModernEventEmitter] instead.
w: file:///home/expo/workingdir/build/node_modules/react-native-webview/android/src/main/java/com/reactnativecommunity/webview/events/TopLoadingProgressEvent.kt:23:21 'fun receiveEvent(targetTag: Int, eventName: String, params: WritableMap?): Unit' is deprecated. Use [RCTModernEventEmitter.receiveEvent] instead.
w: file:///home/expo/workingdir/build/node_modules/react-native-webview/android/src/main/java/com/reactnativecommunity/webview/events/TopLoadingStartEvent.kt:5:8 'interface RCTEventEmitter : JavaScriptModule' is deprecated. Use [RCTModernEventEmitter] instead.
w: file:///home/expo/workingdir/build/node_modules/react-native-webview/android/src/main/java/com/reactnativecommunity/webview/events/TopLoadingStartEvent.kt:11:3 'constructor<T : Event<T>>(viewTag: Int): Event<T>' is deprecated. Use constructor with explicit surfaceId instead.
w: file:///home/expo/workingdir/build/node_modules/react-native-webview/android/src/main/java/com/reactnativecommunity/webview/events/TopLoadingStartEvent.kt:22:16 This declaration overrides a deprecated member but is not marked as deprecated itself. Add the '@Deprecated' annotation or suppress the diagnostic.
w: file:///home/expo/workingdir/build/node_modules/react-native-webview/android/src/main/java/com/reactnativecommunity/webview/events/TopLoadingStartEvent.kt:22:42 'interface RCTEventEmitter : JavaScriptModule' is deprecated. Use [RCTModernEventEmitter] instead.
w: file:///home/expo/workingdir/build/node_modules/react-native-webview/android/src/main/java/com/reactnativecommunity/webview/events/TopLoadingStartEvent.kt:23:21 'fun receiveEvent(targetTag: Int, eventName: String, params: WritableMap?): Unit' is deprecated. Use [RCTModernEventEmitter.receiveEvent] instead.
w: file:///home/expo/workingdir/build/node_modules/react-native-webview/android/src/main/java/com/reactnativecommunity/webview/events/TopMessageEvent.kt:5:8 'interface RCTEventEmitter : JavaScriptModule' is deprecated. Use [RCTModernEventEmitter] instead.
w: file:///home/expo/workingdir/build/node_modules/react-native-webview/android/src/main/java/com/reactnativecommunity/webview/events/TopMessageEvent.kt:10:75 'constructor<T : Event<T>>(viewTag: Int): Event<T>' is deprecated. Use constructor with explicit surfaceId instead.
w: file:///home/expo/workingdir/build/node_modules/react-native-webview/android/src/main/java/com/reactnativecommunity/webview/events/TopMessageEvent.kt:21:16 This declaration overrides a deprecated member but is not marked as deprecated itself. Add the '@Deprecated' annotation or suppress the diagnostic.
w: file:///home/expo/workingdir/build/node_modules/react-native-webview/android/src/main/java/com/reactnativecommunity/webview/events/TopMessageEvent.kt:21:42 'interface RCTEventEmitter : JavaScriptModule' is deprecated. Use [RCTModernEventEmitter] instead.
w: file:///home/expo/workingdir/build/node_modules/react-native-webview/android/src/main/java/com/reactnativecommunity/webview/events/TopMessageEvent.kt:22:21 'fun receiveEvent(targetTag: Int, eventName: String, params: WritableMap?): Unit' is deprecated. Use [RCTModernEventEmitter.receiveEvent] instead.
w: file:///home/expo/workingdir/build/node_modules/react-native-webview/android/src/main/java/com/reactnativecommunity/webview/events/TopNewWindowEvent.kt:5:8 'interface RCTEventEmitter : JavaScriptModule' is deprecated. Use [RCTModernEventEmitter] instead.
w: file:///home/expo/workingdir/build/node_modules/react-native-webview/android/src/main/java/com/reactnativecommunity/webview/events/TopNewWindowEvent.kt:11:3 'constructor<T : Event<T>>(viewTag: Int): Event<T>' is deprecated. Use constructor with explicit surfaceId instead.
w: file:///home/expo/workingdir/build/node_modules/react-native-webview/android/src/main/java/com/reactnativecommunity/webview/events/TopNewWindowEvent.kt:22:16 This declaration overrides a deprecated member but is not marked as deprecated itself. Add the '@Deprecated' annotation or suppress the diagnostic.
w: file:///home/expo/workingdir/build/node_modules/react-native-webview/android/src/main/java/com/reactnativecommunity/webview/events/TopNewWindowEvent.kt:22:42 'interface RCTEventEmitter : JavaScriptModule' is deprecated. Use [RCTModernEventEmitter] instead.
w: file:///home/expo/workingdir/build/node_modules/react-native-webview/android/src/main/java/com/reactnativecommunity/webview/events/TopNewWindowEvent.kt:23:21 'fun receiveEvent(targetTag: Int, eventName: String, params: WritableMap?): Unit' is deprecated. Use [RCTModernEventEmitter.receiveEvent] instead.
w: file:///home/expo/workingdir/build/node_modules/react-native-webview/android/src/main/java/com/reactnativecommunity/webview/events/TopRenderProcessGoneEvent.kt:5:8 'interface RCTEventEmitter : JavaScriptModule' is deprecated. Use [RCTModernEventEmitter] instead.
w: file:///home/expo/workingdir/build/node_modules/react-native-webview/android/src/main/java/com/reactnativecommunity/webview/events/TopRenderProcessGoneEvent.kt:12:3 'constructor<T : Event<T>>(viewTag: Int): Event<T>' is deprecated. Use constructor with explicit surfaceId instead.
w: file:///home/expo/workingdir/build/node_modules/react-native-webview/android/src/main/java/com/reactnativecommunity/webview/events/TopRenderProcessGoneEvent.kt:23:16 This declaration overrides a deprecated member but is not marked as deprecated itself. Add the '@Deprecated' annotation or suppress the diagnostic.
w: file:///home/expo/workingdir/build/node_modules/react-native-webview/android/src/main/java/com/reactnativecommunity/webview/events/TopRenderProcessGoneEvent.kt:23:42 'interface RCTEventEmitter : JavaScriptModule' is deprecated. Use [RCTModernEventEmitter] instead.
w: file:///home/expo/workingdir/build/node_modules/react-native-webview/android/src/main/java/com/reactnativecommunity/webview/events/TopRenderProcessGoneEvent.kt:24:21 'fun receiveEvent(targetTag: Int, eventName: String, params: WritableMap?): Unit' is deprecated. Use [RCTModernEventEmitter.receiveEvent] instead.
w: file:///home/expo/workingdir/build/node_modules/react-native-webview/android/src/main/java/com/reactnativecommunity/webview/events/TopShouldStartLoadWithRequestEvent.kt:5:8 'interface RCTEventEmitter : JavaScriptModule' is deprecated. Use [RCTModernEventEmitter] instead.
w: file:///home/expo/workingdir/build/node_modules/react-native-webview/android/src/main/java/com/reactnativecommunity/webview/events/TopShouldStartLoadWithRequestEvent.kt:10:89 'constructor<T : Event<T>>(viewTag: Int): Event<T>' is deprecated. Use constructor with explicit surfaceId instead.
w: file:///home/expo/workingdir/build/node_modules/react-native-webview/android/src/main/java/com/reactnativecommunity/webview/events/TopShouldStartLoadWithRequestEvent.kt:27:16 This declaration overrides a deprecated member but is not marked as deprecated itself. Add the '@Deprecated' annotation or suppress the diagnostic.
w: file:///home/expo/workingdir/build/node_modules/react-native-webview/android/src/main/java/com/reactnativecommunity/webview/events/TopShouldStartLoadWithRequestEvent.kt:27:42 'interface RCTEventEmitter : JavaScriptModule' is deprecated. Use [RCTModernEventEmitter] instead.
w: file:///home/expo/workingdir/build/node_modules/react-native-webview/android/src/main/java/com/reactnativecommunity/webview/events/TopShouldStartLoadWithRequestEvent.kt:28:21 'fun receiveEvent(targetTag: Int, eventName: String, params: WritableMap?): Unit' is deprecated. Use [RCTModernEventEmitter.receiveEvent] instead.
> Task :react-native-webview:javaPreCompileRelease
> Task :app:generateAutolinkingNewArchitectureFiles
> Task :app:generateAutolinkingPackageList
> Task :app:generateCodegenSchemaFromJavaScript SKIPPED
> Task :app:generateCodegenArtifactsFromSchema SKIPPED
> Task :app:generateReactNativeEntryPoint
> Task :app:preBuild
> Task :app:preReleaseBuild
> Task :app:generateReleaseResValues
> Task :react-native-webview:compileReleaseJavaWithJavac
Note: Some input files use or override a deprecated API.
Note: Recompile with -Xlint:deprecation for details.
> Task :react-native-gesture-handler:compileReleaseKotlin
w: file:///home/expo/workingdir/build/node_modules/react-native-gesture-handler/android/src/main/java/com/swmansion/gesturehandler/react/RNGestureHandlerRootView.kt:41:43 The corresponding parameter in the supertype 'ReactViewGroup' is named 'ev'. This may cause problems when calling this function with named arguments.
> Task :react-native-screens:compileReleaseKotlin
w: file:///home/expo/workingdir/build/node_modules/react-native-screens/android/src/main/java/com/swmansion/rnscreens/RNScreensPackage.kt:56:9 The corresponding parameter in the supertype 'BaseReactPackage' is named 'name'. This may cause problems when calling this function with named arguments.
w: file:///home/expo/workingdir/build/node_modules/react-native-screens/android/src/main/java/com/swmansion/rnscreens/RNScreensPackage.kt:57:9 The corresponding parameter in the supertype 'BaseReactPackage' is named 'reactContext'. This may cause problems when calling this function with named arguments.
w: file:///home/expo/workingdir/build/node_modules/react-native-screens/android/src/main/java/com/swmansion/rnscreens/RNScreensPackage.kt:70:17 'constructor(name: String, className: String, canOverrideExistingModule: Boolean, needsEagerInit: Boolean, hasConstants: Boolean, isCxxModule: Boolean, isTurboModule: Boolean): ReactModuleInfo' is deprecated. This constructor is deprecated and will be removed in the future. Use ReactModuleInfo(String, String, boolean, boolean, boolean, boolean)].
w: file:///home/expo/workingdir/build/node_modules/react-native-screens/android/src/main/java/com/swmansion/rnscreens/Screen.kt:48:77 Unchecked cast of '(CoordinatorLayout.Behavior<View!>?..CoordinatorLayout.Behavior<*>?)' to 'BottomSheetBehavior<Screen>'.
w: file:///home/expo/workingdir/build/node_modules/react-native-screens/android/src/main/java/com/swmansion/rnscreens/Screen.kt:383:36 'fun setTranslucent(screen: Screen, activity: Activity?, context: ReactContext?): Unit' is deprecated. For apps targeting SDK 35 or above this prop has no effect because edge-to-edge is enabled by default and the status bar is always translucent.
w: file:///home/expo/workingdir/build/node_modules/react-native-screens/android/src/main/java/com/swmansion/rnscreens/Screen.kt:402:36 'fun setColor(screen: Screen, activity: Activity?, context: ReactContext?): Unit' is deprecated. For apps targeting SDK 35 or above this prop has no effect because edge-to-edge is enabled by default and the status bar is always translucent.
w: file:///home/expo/workingdir/build/node_modules/react-native-screens/android/src/main/java/com/swmansion/rnscreens/Screen.kt:420:36 'fun setNavigationBarColor(screen: Screen, activity: Activity?): Unit' is deprecated. For all apps targeting Android SDK 35 or above edge-to-edge is enabled by default.
w: file:///home/expo/workingdir/build/node_modules/react-native-screens/android/src/main/java/com/swmansion/rnscreens/Screen.kt:437:36 'fun setNavigationBarTranslucent(screen: Screen, activity: Activity?): Unit' is deprecated. For all apps targeting Android SDK 35 or above edge-to-edge is enabled by default.
w: file:///home/expo/workingdir/build/node_modules/react-native-screens/android/src/main/java/com/swmansion/rnscreens/ScreenStackFragment.kt:217:31 'var targetElevation: Float' is deprecated. Deprecated in Java.
w: file:///home/expo/workingdir/build/node_modules/react-native-screens/android/src/main/java/com/swmansion/rnscreens/ScreenStackFragment.kt:220:13 'fun setHasOptionsMenu(p0: Boolean): Unit' is deprecated. Deprecated in Java.
w: file:///home/expo/workingdir/build/node_modules/react-native-screens/android/src/main/java/com/swmansion/rnscreens/ScreenStackFragment.kt:397:18 This declaration overrides a deprecated member but is not marked as deprecated itself. Add the '@Deprecated' annotation or suppress the diagnostic.
w: file:///home/expo/workingdir/build/node_modules/react-native-screens/android/src/main/java/com/swmansion/rnscreens/ScreenStackFragment.kt:404:22 'fun onPrepareOptionsMenu(p0: Menu): Unit' is deprecated. Deprecated in Java.
w: file:///home/expo/workingdir/build/node_modules/react-native-screens/android/src/main/java/com/swmansion/rnscreens/ScreenStackFragment.kt:407:18 This declaration overrides a deprecated member but is not marked as deprecated itself. Add the '@Deprecated' annotation or suppress the diagnostic.
w: file:///home/expo/workingdir/build/node_modules/react-native-screens/android/src/main/java/com/swmansion/rnscreens/ScreenStackFragment.kt:412:22 'fun onCreateOptionsMenu(p0: Menu, p1: MenuInflater): Unit' is deprecated. Deprecated in Java.
w: file:///home/expo/workingdir/build/node_modules/react-native-screens/android/src/main/java/com/swmansion/rnscreens/ScreenStackHeaderConfig.kt:435:18 'val reactNativeHost: ReactNativeHost' is deprecated. You should not use ReactNativeHost directly in the New Architecture. Use ReactHost instead.
w: file:///home/expo/workingdir/build/node_modules/react-native-screens/android/src/main/java/com/swmansion/rnscreens/ScreenViewManager.kt:203:14 'var statusBarColor: Int?' is deprecated. For apps targeting SDK 35 or above this prop has no effect because edge-to-edge is enabled by default and the status bar is always translucent.
w: file:///home/expo/workingdir/build/node_modules/react-native-screens/android/src/main/java/com/swmansion/rnscreens/ScreenViewManager.kt:220:14 'var isStatusBarTranslucent: Boolean?' is deprecated. For apps targeting SDK 35 or above this prop has no effect because edge-to-edge is enabled by default and the status bar is always translucent.
w: file:///home/expo/workingdir/build/node_modules/react-native-screens/android/src/main/java/com/swmansion/rnscreens/ScreenViewManager.kt:237:14 'var navigationBarColor: Int?' is deprecated. For all apps targeting Android SDK 35 or above edge-to-edge is enabled by default.
w: file:///home/expo/workingdir/build/node_modules/react-native-screens/android/src/main/java/com/swmansion/rnscreens/ScreenViewManager.kt:246:14 'var isNavigationBarTranslucent: Boolean?' is deprecated. For all apps targeting Android SDK 35 or above edge-to-edge is enabled by default.
w: file:///home/expo/workingdir/build/node_modules/react-native-screens/android/src/main/java/com/swmansion/rnscreens/ScreenWindowTraits.kt:55:42 'fun replaceSystemWindowInsets(p0: Int, p1: Int, p2: Int, p3: Int): WindowInsetsCompat' is deprecated. Deprecated in Java.
w: file:///home/expo/workingdir/build/node_modules/react-native-screens/android/src/main/java/com/swmansion/rnscreens/ScreenWindowTraits.kt:56:39 'val systemWindowInsetLeft: Int' is deprecated. Deprecated in Java.
w: file:///home/expo/workingdir/build/node_modules/react-native-screens/android/src/main/java/com/swmansion/rnscreens/ScreenWindowTraits.kt:58:39 'val systemWindowInsetRight: Int' is deprecated. Deprecated in Java.
w: file:///home/expo/workingdir/build/node_modules/react-native-screens/android/src/main/java/com/swmansion/rnscreens/ScreenWindowTraits.kt:59:39 'val systemWindowInsetBottom: Int' is deprecated. Deprecated in Java.
w: file:///home/expo/workingdir/build/node_modules/react-native-screens/android/src/main/java/com/swmansion/rnscreens/ScreenWindowTraits.kt:102:53 'var statusBarColor: Int' is deprecated. Deprecated in Java.
w: file:///home/expo/workingdir/build/node_modules/react-native-screens/android/src/main/java/com/swmansion/rnscreens/ScreenWindowTraits.kt:106:37 'var statusBarColor: Int?' is deprecated. For apps targeting SDK 35 or above this prop has no effect because edge-to-edge is enabled by default and the status bar is always translucent.
w: file:///home/expo/workingdir/build/node_modules/react-native-screens/android/src/main/java/com/swmansion/rnscreens/ScreenWindowTraits.kt:113:48 'var statusBarColor: Int' is deprecated. Deprecated in Java.
w: file:///home/expo/workingdir/build/node_modules/react-native-screens/android/src/main/java/com/swmansion/rnscreens/ScreenWindowTraits.kt:116:32 'var statusBarColor: Int' is deprecated. Deprecated in Java.
w: file:///home/expo/workingdir/build/node_modules/react-native-screens/android/src/main/java/com/swmansion/rnscreens/ScreenWindowTraits.kt:162:49 'var isStatusBarTranslucent: Boolean?' is deprecated. For apps targeting SDK 35 or above this prop has no effect because edge-to-edge is enabled by default and the status bar is always translucent.
w: file:///home/expo/workingdir/build/node_modules/react-native-screens/android/src/main/java/com/swmansion/rnscreens/ScreenWindowTraits.kt:218:43 'var navigationBarColor: Int?' is deprecated. For all apps targeting Android SDK 35 or above edge-to-edge is enabled by default.
w: file:///home/expo/workingdir/build/node_modules/react-native-screens/android/src/main/java/com/swmansion/rnscreens/ScreenWindowTraits.kt:218:72 'var navigationBarColor: Int' is deprecated. Deprecated in Java.
w: file:///home/expo/workingdir/build/node_modules/react-native-screens/android/src/main/java/com/swmansion/rnscreens/ScreenWindowTraits.kt:224:16 'var navigationBarColor: Int' is deprecated. Deprecated in Java.
w: file:///home/expo/workingdir/build/node_modules/react-native-screens/android/src/main/java/com/swmansion/rnscreens/ScreenWindowTraits.kt:241:55 'var isNavigationBarTranslucent: Boolean?' is deprecated. For all apps targeting Android SDK 35 or above edge-to-edge is enabled by default.
w: file:///home/expo/workingdir/build/node_modules/react-native-screens/android/src/main/java/com/swmansion/rnscreens/ScreenWindowTraits.kt:283:13 'fun setColor(screen: Screen, activity: Activity?, context: ReactContext?): Unit' is deprecated. For apps targeting SDK 35 or above this prop has no effect because edge-to-edge is enabled by default and the status bar is always translucent.
w: file:///home/expo/workingdir/build/node_modules/react-native-screens/android/src/main/java/com/swmansion/rnscreens/ScreenWindowTraits.kt:285:13 'fun setTranslucent(screen: Screen, activity: Activity?, context: ReactContext?): Unit' is deprecated. For apps targeting SDK 35 or above this prop has no effect because edge-to-edge is enabled by default and the status bar is always translucent.
w: file:///home/expo/workingdir/build/node_modules/react-native-screens/android/src/main/java/com/swmansion/rnscreens/ScreenWindowTraits.kt:289:13 'fun setNavigationBarColor(screen: Screen, activity: Activity?): Unit' is deprecated. For all apps targeting Android SDK 35 or above edge-to-edge is enabled by default.
w: file:///home/expo/workingdir/build/node_modules/react-native-screens/android/src/main/java/com/swmansion/rnscreens/ScreenWindowTraits.kt:290:13 'fun setNavigationBarTranslucent(screen: Screen, activity: Activity?): Unit' is deprecated. For all apps targeting Android SDK 35 or above edge-to-edge is enabled by default.
w: file:///home/expo/workingdir/build/node_modules/react-native-screens/android/src/main/java/com/swmansion/rnscreens/ScreenWindowTraits.kt:354:42 'var statusBarColor: Int?' is deprecated. For apps targeting SDK 35 or above this prop has no effect because edge-to-edge is enabled by default and the status bar is always translucent.
w: file:///home/expo/workingdir/build/node_modules/react-native-screens/android/src/main/java/com/swmansion/rnscreens/ScreenWindowTraits.kt:356:48 'var isStatusBarTranslucent: Boolean?' is deprecated. For apps targeting SDK 35 or above this prop has no effect because edge-to-edge is enabled by default and the status bar is always translucent.
w: file:///home/expo/workingdir/build/node_modules/react-native-screens/android/src/main/java/com/swmansion/rnscreens/ScreenWindowTraits.kt:359:57 'var navigationBarColor: Int?' is deprecated. For all apps targeting Android SDK 35 or above edge-to-edge is enabled by default.
w: file:///home/expo/workingdir/build/node_modules/react-native-screens/android/src/main/java/com/swmansion/rnscreens/ScreenWindowTraits.kt:360:63 'var isNavigationBarTranslucent: Boolean?' is deprecated. For all apps targeting Android SDK 35 or above edge-to-edge is enabled by default.
w: file:///home/expo/workingdir/build/node_modules/react-native-screens/android/src/main/java/com/swmansion/rnscreens/bottomsheet/BottomSheetDialogRootView.kt:7:8 'object ReactFeatureFlags : Any' is deprecated. Use com.facebook.react.internal.featureflags.ReactNativeFeatureFlags instead.
w: file:///home/expo/workingdir/build/node_modules/react-native-screens/android/src/main/java/com/swmansion/rnscreens/bottomsheet/BottomSheetDialogRootView.kt:25:13 'object ReactFeatureFlags : Any' is deprecated. Use com.facebook.react.internal.featureflags.ReactNativeFeatureFlags instead.
w: file:///home/expo/workingdir/build/node_modules/react-native-screens/android/src/main/java/com/swmansion/rnscreens/bottomsheet/BottomSheetDialogRootView.kt:32:9 The corresponding parameter in the supertype 'ReactViewGroup' is named 'left'. This may cause problems when calling this function with named arguments.
w: file:///home/expo/workingdir/build/node_modules/react-native-screens/android/src/main/java/com/swmansion/rnscreens/bottomsheet/BottomSheetDialogRootView.kt:33:9 The corresponding parameter in the supertype 'ReactViewGroup' is named 'top'. This may cause problems when calling this function with named arguments.
w: file:///home/expo/workingdir/build/node_modules/react-native-screens/android/src/main/java/com/swmansion/rnscreens/bottomsheet/BottomSheetDialogRootView.kt:34:9 The corresponding parameter in the supertype 'ReactViewGroup' is named 'right'. This may cause problems when calling this function with named arguments.
w: file:///home/expo/workingdir/build/node_modules/react-native-screens/android/src/main/java/com/swmansion/rnscreens/bottomsheet/BottomSheetDialogRootView.kt:35:9 The corresponding parameter in the supertype 'ReactViewGroup' is named 'bottom'. This may cause problems when calling this function with named arguments.
w: file:///home/expo/workingdir/build/node_modules/react-native-screens/android/src/main/java/com/swmansion/rnscreens/bottomsheet/BottomSheetDialogRootView.kt:71:9 The corresponding parameter in the supertype 'RootView' is named 'childView'. This may cause problems when calling this function with named arguments.
w: file:///home/expo/workingdir/build/node_modules/react-native-screens/android/src/main/java/com/swmansion/rnscreens/bottomsheet/BottomSheetDialogRootView.kt:72:9 The corresponding parameter in the supertype 'RootView' is named 'ev'. This may cause problems when calling this function with named arguments.
w: file:///home/expo/workingdir/build/node_modules/react-native-screens/android/src/main/java/com/swmansion/rnscreens/bottomsheet/BottomSheetDialogRootView.kt:79:46 The corresponding parameter in the supertype 'RootView' is named 'ev'. This may cause problems when calling this function with named arguments.
w: file:///home/expo/workingdir/build/node_modules/react-native-screens/android/src/main/java/com/swmansion/rnscreens/bottomsheet/BottomSheetDialogRootView.kt:83:9 The corresponding parameter in the supertype 'RootView' is named 'childView'. This may cause problems when calling this function with named arguments.
w: file:///home/expo/workingdir/build/node_modules/react-native-screens/android/src/main/java/com/swmansion/rnscreens/bottomsheet/BottomSheetDialogRootView.kt:84:9 The corresponding parameter in the supertype 'RootView' is named 'ev'. This may cause problems when calling this function with named arguments.
w: file:///home/expo/workingdir/build/node_modules/react-native-screens/android/src/main/java/com/swmansion/rnscreens/bottomsheet/BottomSheetDialogRootView.kt:95:34 The corresponding parameter in the supertype 'RootView' is named 't'. This may cause problems when calling this function with named arguments.
w: file:///home/expo/workingdir/build/node_modules/react-native-screens/android/src/main/java/com/swmansion/rnscreens/bottomsheet/DimmingView.kt:63:9 The corresponding parameter in the supertype 'ReactCompoundView' is named 'touchX'. This may cause problems when calling this function with named arguments.
w: file:///home/expo/workingdir/build/node_modules/react-native-screens/android/src/main/java/com/swmansion/rnscreens/bottomsheet/DimmingView.kt:64:9 The corresponding parameter in the supertype 'ReactCompoundView' is named 'touchY'. This may cause problems when calling this function with named arguments.
w: file:///home/expo/workingdir/build/node_modules/react-native-screens/android/src/main/java/com/swmansion/rnscreens/bottomsheet/DimmingView.kt:68:9 The corresponding parameter in the supertype 'ReactCompoundViewGroup' is named 'touchX'. This may cause problems when calling this function with named arguments.
w: file:///home/expo/workingdir/build/node_modules/react-native-screens/android/src/main/java/com/swmansion/rnscreens/bottomsheet/DimmingView.kt:69:9 The corresponding parameter in the supertype 'ReactCompoundViewGroup' is named 'touchY'. This may cause problems when calling this function with named arguments.
w: file:///home/expo/workingdir/build/node_modules/react-native-screens/android/src/main/java/com/swmansion/rnscreens/gamma/tabs/TabsHostViewManager.kt:37:9 The corresponding parameter in the supertype 'TabsHostViewManager' is named 'view'. This may cause problems when calling this function with named arguments.
> Task :react-native-gesture-handler:compileReleaseJavaWithJavac
> Task :react-native-gesture-handler:bundleLibRuntimeToDirRelease
> Task :react-native-webview:bundleLibRuntimeToDirRelease
> Task :react-native-screens:compileReleaseJavaWithJavac
> Task :react-native-screens:bundleLibRuntimeToDirRelease
> Task :app:mapReleaseSourceSetPaths
> Task :app:generateReleaseResources
> Task :react-native-async-storage_async-storage:generateReleaseBuildConfig
> Task :react-native-async-storage_async-storage:javaPreCompileRelease
> Task :react-native-firebase_app:generateReleaseBuildConfig
> Task :react-native-firebase_app:javaPreCompileRelease
> Task :react-native-async-storage_async-storage:compileReleaseJavaWithJavac
> Task :react-native-async-storage_async-storage:bundleLibRuntimeToDirRelease
Note: Some input files use or override a deprecated API.
Note: Recompile with -Xlint:deprecation for details.
Note: /home/expo/workingdir/build/node_modules/@react-native-async-storage/async-storage/android/src/javaPackage/java/com/reactnativecommunity/asyncstorage/AsyncStoragePackage.java uses unchecked or unsafe operations.
Note: Recompile with -Xlint:unchecked for details.
> Task :react-native-firebase_auth:generateReleaseBuildConfig
> Task :react-native-firebase_auth:javaPreCompileRelease
> Task :react-native-firebase_firestore:generateReleaseBuildConfig
> Task :react-native-firebase_firestore:javaPreCompileRelease
> Task :react-native-firebase_storage:generateReleaseBuildConfig
> Task :react-native-firebase_storage:javaPreCompileRelease
> Task :expo:checkKotlinGradlePluginConfigurationErrors SKIPPED
> Task :expo:generateReleaseBuildConfig
> Task :expo-constants:checkKotlinGradlePluginConfigurationErrors SKIPPED
> Task :expo-constants:generateReleaseBuildConfig
> Task :expo-modules-core:checkKotlinGradlePluginConfigurationErrors SKIPPED
> Task :expo-modules-core:generateReleaseBuildConfig
> Task :react-native-firebase_app:compileReleaseJavaWithJavac
> Task :react-native-firebase_app:bundleLibCompileToJarRelease
Note: Some input files use or override a deprecated API.
Note: Recompile with -Xlint:deprecation for details.
> Task :react-native-firebase_auth:compileReleaseJavaWithJavac
Note: Some input files use or override a deprecated API.
Note: Recompile with -Xlint:deprecation for details.
Note: /home/expo/workingdir/build/node_modules/@react-native-firebase/auth/android/src/main/java/io/invertase/firebase/auth/ReactNativeFirebaseAuthModule.java uses unchecked or unsafe operations.
Note: Recompile with -Xlint:unchecked for details.
> Task :app:createReleaseCompatibleScreenManifests
> Task :app:extractDeepLinksRelease
> Task :react-native-firebase_firestore:compileReleaseJavaWithJavac
Note: Some input files use or override a deprecated API.
Note: Recompile with -Xlint:deprecation for details.
Note: Some input files use unchecked or unsafe operations.
Note: Recompile with -Xlint:unchecked for details.
> Task :app:mergeReleaseResources FAILED
> Task :react-native-firebase_auth:bundleLibRuntimeToDirRelease
> Task :app:processReleaseMainManifest
/home/expo/workingdir/build/android/app/src/main/AndroidManifest.xml Warning:
	provider#expo.modules.filesystem.FileSystemFileProvider@android:authorities was tagged at AndroidManifest.xml:0 to replace other declarations but no other declaration present
/home/expo/workingdir/build/android/app/src/main/AndroidManifest.xml Warning:
	activity#expo.modules.imagepicker.ExpoCropImageActivity@android:exported was tagged at AndroidManifest.xml:0 to replace other declarations but no other declaration present
> Task :expo-modules-core:compileReleaseKotlin
w: file:///home/expo/workingdir/build/node_modules/expo-modules-core/android/src/main/java/expo/modules/adapters/react/apploader/RNHeadlessAppLoader.kt:48:87 'val reactNativeHost: ReactNativeHost' is deprecated. You should not use ReactNativeHost directly in the New Architecture. Use ReactHost instead.
w: file:///home/expo/workingdir/build/node_modules/expo-modules-core/android/src/main/java/expo/modules/adapters/react/apploader/RNHeadlessAppLoader.kt:91:85 'val reactNativeHost: ReactNativeHost' is deprecated. You should not use ReactNativeHost directly in the New Architecture. Use ReactHost instead.
w: file:///home/expo/workingdir/build/node_modules/expo-modules-core/android/src/main/java/expo/modules/adapters/react/apploader/RNHeadlessAppLoader.kt:120:83 'val reactNativeHost: ReactNativeHost' is deprecated. You should not use ReactNativeHost directly in the New Architecture. Use ReactHost instead.
w: file:///home/expo/workingdir/build/node_modules/expo-modules-core/android/src/main/java/expo/modules/apploader/AppLoaderProvider.kt:34:52 Unchecked cast of 'Class<*>!' to 'Class<out HeadlessAppLoader>'.
w: file:///home/expo/workingdir/build/node_modules/expo-modules-core/android/src/main/java/expo/modules/kotlin/AppContext.kt:30:8 'typealias ErrorManagerModule = JSLoggerModule' is deprecated. Use JSLoggerModule instead.
w: file:///home/expo/workingdir/build/node_modules/expo-modules-core/android/src/main/java/expo/modules/kotlin/AppContext.kt:253:21 'typealias ErrorManagerModule = JSLoggerModule' is deprecated. Use JSLoggerModule instead.
w: file:///home/expo/workingdir/build/node_modules/expo-modules-core/android/src/main/java/expo/modules/kotlin/AppContext.kt:343:21 'val DEFAULT: Int' is deprecated. UIManagerType.DEFAULT will be deleted in the next release of React Native. Use [LEGACY] instead.
w: file:///home/expo/workingdir/build/node_modules/expo-modules-core/android/src/main/java/expo/modules/kotlin/defaultmodules/NativeModulesProxyModule.kt:16:5 'fun Constants(legacyConstantsProvider: () -> Map<String, Any?>): Unit' is deprecated. Use `Constant` or `Property` instead.
w: file:///home/expo/workingdir/build/node_modules/expo-modules-core/android/src/main/java/expo/modules/kotlin/jni/PromiseImpl.kt:65:51 'val errorManager: JSLoggerModule?' is deprecated. Use AppContext.jsLogger instead.
w: file:///home/expo/workingdir/build/node_modules/expo-modules-core/android/src/main/java/expo/modules/kotlin/jni/PromiseImpl.kt:69:22 'fun reportExceptionToLogBox(codedException: CodedException): Unit' is deprecated. Use appContext.jsLogger.error(...) instead.
w: file:///home/expo/workingdir/build/node_modules/expo-modules-core/android/src/main/java/expo/modules/kotlin/views/ViewDefinitionBuilder.kt:464:16 'val errorManager: JSLoggerModule?' is deprecated. Use AppContext.jsLogger instead.
w: file:///home/expo/workingdir/build/node_modules/expo-modules-core/android/src/main/java/expo/modules/kotlin/views/ViewDefinitionBuilder.kt:464:30 'fun reportExceptionToLogBox(codedException: CodedException): Unit' is deprecated. Use appContext.jsLogger.error(...) instead.
w: file:///home/expo/workingdir/build/node_modules/expo-modules-core/android/src/main/java/expo/modules/kotlin/views/ViewManagerDefinition.kt:41:16 'val errorManager: JSLoggerModule?' is deprecated. Use AppContext.jsLogger instead.
w: file:///home/expo/workingdir/build/node_modules/expo-modules-core/android/src/main/java/expo/modules/kotlin/views/ViewManagerDefinition.kt:41:30 'fun reportExceptionToLogBox(codedException: CodedException): Unit' is deprecated. Use appContext.jsLogger.error(...) instead.
[Incubating] Problems report is available at: file:///home/expo/workingdir/build/android/build/reports/problems/problems-report.html
FAILURE: Build failed with an exception.
* What went wrong:
Execution failed for task ':app:mergeReleaseResources'.
> A failure occurred while executing com.android.build.gradle.internal.res.Aapt2CompileRunnable
   > Android resource compilation failed
     ERROR: /home/expo/workingdir/build/android/app/build/generated/res/createBundleReleaseJsAndAssets/drawable-mdpi/app_assets_images_products_iphone13.png: AAPT: error: file failed to compile.
         
* Try:
> Run with --stacktrace option to get the stack trace.
> Run with --info or --debug option to get more log output.
> Run with --scan to get full insights.
> Get more help at https://help.gradle.org.
BUILD FAILED in 3m 11s
Deprecated Gradle features were used in this build, making it incompatible with Gradle 9.0.
You can use '--warning-mode all' to show the individual deprecation warnings and determine if they come from your own scripts or plugins.
For more on this, please refer to https://docs.gradle.org/8.13/userguide/command_line_interface.html#sec:command_line_warnings in the Gradle documentation.
331 actionable tasks: 331 executed
Error: Gradle build failed with unknown error. See logs for the "Run gradlew" phase for more information.